Hello
Not visited
zac efron
Not visited
Not Visited
Visited
Hello
Not visited
Not Equal
Equal
