inf
inf
inf
inf
inf
inf
inf
-nan
inf
-nan
0.000000
inf
-inf
-inf
0
1
0
1
0
1
1
0
0
0
0
1
1
1
0
0
1
1