45.141590
38.858410
131.946780
13.369027
False
True
True
False
True
True
False
False
6.283180
0.000000
9.869588
1.000000
True
True
False
False
False
True
False
True
