Path should be A-B-D-F
A
B
D
F
Path should be A-B-D-E
A
B
D
E
Path should be E
E
Path should be A-B
A
B
Path should be D-E
D
E
Path should be B-D-F
B
D
F
Path should be B-D-E
B
D
E
Path should be D
D
Path should be C
C
Path should not exist
Path should not exist
Path should be A-B-D-F-N-H-I-K-G
A
B
D
F
N
H
J
I
K
G
Path should be M-O-J-I-K
M
O
J
I
K
Path should not exist
Path should be I-K-G
I
K
G
Path should be C-M-O
C
M
O