Concurrency means non-deterministic output, this test is expected to fail