Empty should be true:
true
Append edge with start 'hello'
Prepend edge with start 'goodbye'
List should be goodbye hello:
Goodbye
Hello